
There are no discarded input sections

Memory Configuration

Name             Origin             Length             Attributes
FLASH            0x08000000         0x00080000         xr
RAM              0x20000000         0x00020000         xrw
*default*        0x00000000         0xffffffff

Linker script and memory map

LOAD /var/folders/fg/k59tdkd57mn9t126hcfx_ld40000gn/T//ccl7IVjK.o
LOAD /var/folders/fg/k59tdkd57mn9t126hcfx_ld40000gn/T//ccYvYrkL.o

.isr_vector     0x08000000       0x1c
 *(.isr_vector)
 .isr_vector    0x08000000       0x1c /var/folders/fg/k59tdkd57mn9t126hcfx_ld40000gn/T//ccYvYrkL.o
                0x08000000                vector_table

.text           0x0800001c       0xe4
 *(.text*)
 .text          0x0800001c       0x80 /var/folders/fg/k59tdkd57mn9t126hcfx_ld40000gn/T//ccl7IVjK.o
                0x0800001c                delay
                0x0800003e                main
 .text          0x0800009c       0x64 /var/folders/fg/k59tdkd57mn9t126hcfx_ld40000gn/T//ccYvYrkL.o
                0x0800009c                Reset_Handler
                0x080000f8                Default_Handler
                0x08000100                        _sidata = LOADADDR (.data)

.glue_7         0x08000100        0x0
 .glue_7        0x08000100        0x0 linker stubs

.glue_7t        0x08000100        0x0
 .glue_7t       0x08000100        0x0 linker stubs

.vfp11_veneer   0x08000100        0x0
 .vfp11_veneer  0x08000100        0x0 linker stubs

.v4_bx          0x08000100        0x0
 .v4_bx         0x08000100        0x0 linker stubs

.iplt           0x08000100        0x0
 .iplt          0x08000100        0x0 /var/folders/fg/k59tdkd57mn9t126hcfx_ld40000gn/T//ccl7IVjK.o

.rel.dyn        0x08000100        0x0
 .rel.iplt      0x08000100        0x0 /var/folders/fg/k59tdkd57mn9t126hcfx_ld40000gn/T//ccl7IVjK.o

.data           0x20000000        0x0 load address 0x08000100
                0x20000000                        _sdata = .
 *(.data*)
 .data          0x20000000        0x0 /var/folders/fg/k59tdkd57mn9t126hcfx_ld40000gn/T//ccl7IVjK.o
 .data          0x20000000        0x0 /var/folders/fg/k59tdkd57mn9t126hcfx_ld40000gn/T//ccYvYrkL.o
                0x20000000                        _edata = .

.igot.plt       0x20000000        0x0 load address 0x08000100
 .igot.plt      0x20000000        0x0 /var/folders/fg/k59tdkd57mn9t126hcfx_ld40000gn/T//ccl7IVjK.o

.bss            0x20000000        0x0 load address 0x08000100
                0x20000000                        _sbss = .
 *(.bss*)
 .bss           0x20000000        0x0 /var/folders/fg/k59tdkd57mn9t126hcfx_ld40000gn/T//ccl7IVjK.o
 .bss           0x20000000        0x0 /var/folders/fg/k59tdkd57mn9t126hcfx_ld40000gn/T//ccYvYrkL.o
                0x20000000                        _ebss = .
                0x20020000                        _estack = (ORIGIN (RAM) + LENGTH (RAM))
OUTPUT(main.elf elf32-littlearm)
LOAD linker stubs

.debug_info     0x00000000      0x207
 .debug_info    0x00000000       0xbe /var/folders/fg/k59tdkd57mn9t126hcfx_ld40000gn/T//ccl7IVjK.o
 .debug_info    0x000000be      0x149 /var/folders/fg/k59tdkd57mn9t126hcfx_ld40000gn/T//ccYvYrkL.o

.debug_abbrev   0x00000000      0x167
 .debug_abbrev  0x00000000       0x83 /var/folders/fg/k59tdkd57mn9t126hcfx_ld40000gn/T//ccl7IVjK.o
 .debug_abbrev  0x00000083       0xe4 /var/folders/fg/k59tdkd57mn9t126hcfx_ld40000gn/T//ccYvYrkL.o

.debug_aranges  0x00000000       0x40
 .debug_aranges
                0x00000000       0x20 /var/folders/fg/k59tdkd57mn9t126hcfx_ld40000gn/T//ccl7IVjK.o
 .debug_aranges
                0x00000020       0x20 /var/folders/fg/k59tdkd57mn9t126hcfx_ld40000gn/T//ccYvYrkL.o

.debug_line     0x00000000      0x296
 .debug_line    0x00000000      0x141 /var/folders/fg/k59tdkd57mn9t126hcfx_ld40000gn/T//ccl7IVjK.o
 .debug_line    0x00000141      0x155 /var/folders/fg/k59tdkd57mn9t126hcfx_ld40000gn/T//ccYvYrkL.o

.debug_str      0x00000000      0x170
 .debug_str     0x00000000      0x170 /var/folders/fg/k59tdkd57mn9t126hcfx_ld40000gn/T//ccl7IVjK.o
                                0x14a (size before relaxing)
 .debug_str     0x00000170      0x196 /var/folders/fg/k59tdkd57mn9t126hcfx_ld40000gn/T//ccYvYrkL.o

.comment        0x00000000       0x45
 .comment       0x00000000       0x45 /var/folders/fg/k59tdkd57mn9t126hcfx_ld40000gn/T//ccl7IVjK.o
                                 0x46 (size before relaxing)
 .comment       0x00000045       0x46 /var/folders/fg/k59tdkd57mn9t126hcfx_ld40000gn/T//ccYvYrkL.o

.ARM.attributes
                0x00000000       0x34
 .ARM.attributes
                0x00000000       0x34 /var/folders/fg/k59tdkd57mn9t126hcfx_ld40000gn/T//ccl7IVjK.o
 .ARM.attributes
                0x00000034       0x34 /var/folders/fg/k59tdkd57mn9t126hcfx_ld40000gn/T//ccYvYrkL.o

.debug_frame    0x00000000       0x9c
 .debug_frame   0x00000000       0x54 /var/folders/fg/k59tdkd57mn9t126hcfx_ld40000gn/T//ccl7IVjK.o
 .debug_frame   0x00000054       0x48 /var/folders/fg/k59tdkd57mn9t126hcfx_ld40000gn/T//ccYvYrkL.o
